// Jest Snapshot v1, https://goo.gl/fbAQLP

exports[`renders correctly 1`] = `
<div>
  <nav
    className="navbar navbar-toggleable-md navbar-inverse bg-primary"
  >
    <button
      aria-controls="navbarNavDropdown"
      aria-expanded="false"
      aria-label="Toggle navigation"
      className="navbar-toggler navbar-toggler-right"
      data-target="#navbarNavDropdown"
      data-toggle="collapse"
      type="button"
    >
      <span
        className="navbar-toggler-icon"
      />
    </button>
    <a
      className="navbar-brand"
      href="/"
      onClick={[Function]}
    >
      React-Redux Template
    </a>
    <div
      className="collapse navbar-collapse"
      id="navbarNavDropdown"
    >
      <ul
        className="navbar-nav"
      >
        <li
          className="nav-item active"
        >
          <a
            className="nav-link"
            href="/"
            onClick={[Function]}
          >
            Home 
            <span
              className="sr-only"
            >
              (current)
            </span>
          </a>
        </li>
        <li
          className="nav-item"
        >
          <a
            className="nav-link"
            href="/example"
            onClick={[Function]}
          >
            Example Page
          </a>
        </li>
      </ul>
    </div>
  </nav>
</div>
`;
